# nome ( cordinate x,y) tipo_incrocio: (nodo direzione, PESO) (nodo direzione, PESO) (nodo direzione, PESO) ...
# n→ incrocio normale
# s→ incrocio con semafori
# r→ rotatoria

#Quanti nodi ci sono nella mappa
28

1  ( 361 125 ) n: ( 2 )     ( 12 )      ( NULL )
2  ( 453 123 ) n: ( NULL )  ( 3 )       ( 28 )      ( 1 )
3  ( 479 145 ) n: ( 4 )     ( 15 )      ( 2 )
4  ( 615 238 ) n: ( NULL )  ( 5 )       ( 16 )      ( 3 )
5  ( 632 433 ) n: ( 4 )     ( NULL )    ( 6 )       ( 19 )
6  ( 593 497 ) n: ( 5 )     ( NULL )    ( 7 )       ( 20 )
7  ( 517 593 ) n: ( 6 )     ( NULL )    ( 8 )       ( 27 )
8  ( 508 603 ) n: ( 7 )     ( NULL )    ( 9 )
9  ( 342 633 ) n: ( 8 )     ( NULL )    ( 10 )
10 ( 222 559 ) n: ( 27 )    ( 9 )       ( NULL )    ( 11 )
11 ( 176 472 ) n: ( 26 )    ( 10 )      ( NULL )    ( 13 )
12 ( 130 281 ) n: ( 28 )    ( 26 )      ( 13 )      ( 1 )
13 (  99 300 ) n: ( 12 )    ( 11 )      ( NULL )    ( NULL )
14 ( 410 292 ) n: ( 5 )     ( 17 )      ( 22 )      ( 28 )
15 ( 492 275 ) n: ( 3 )     ( 16 )      ( 14 )
16 ( 532 305 ) n: ( 4 )     ( 19 )      ( 17 )      ( 15 )
17 ( 498 354 ) n: ( 16 )    ( 18 )      ( 21 )      ( 22 )      ( 14 )
18 ( 553 386 ) n: ( 19 )    ( 20 )      ( 17 )
19 ( 570 396 ) n: ( 16 )    ( 5 )       ( 18 )
20 ( 512 426 ) n: ( 18 )    ( 6 )       ( 21 )
21 ( 497 413 ) n: ( 17 )    ( 20 )      ( 24 )
22 ( 339 385 ) n: ( 14 )    ( 17 )      ( 24 )      ( 23 )
23 ( 313 368 ) n: ( 28 )    ( 22 )      ( 25 )
24 ( 318 427 ) n: ( 22 )    ( 21 )      ( 27 )      ( 25 )
25 ( 287 415 ) n: ( 23 )    ( 24 )      ( 26 )
26 ( 185 388 ) n: ( 25 )    ( 11 )      ( 12 )
27 ( 290 469 ) n: ( 24 )    ( 7 )       ( 10 )
28 ( 377 279 ) n: ( 2 )     ( 14 )      ( 23 )      ( 12 )